
[0;34m╔══════════════════════════════════════════════════════════════════╗[0m
[0;34m║     bkit-gemini Comprehensive Test Suite v1.5.0                  ║[0m
[0;34m║     Testing: Commands TOML, Skills, Agents, Hooks, Library       ║[0m
[0;34m╚══════════════════════════════════════════════════════════════════╝[0m


[0;34m━━━━━━━━━━━━━━━━━━━━━━━━━━━━━━━━━━━━━━━━━━━━━━━━━━━━━━━━━━━━━━━━━━[0m
[0;34m▶ 1. Commands TOML Tests[0m
[0;34m━━━━━━━━━━━━━━━━━━━━━━━━━━━━━━━━━━━━━━━━━━━━━━━━━━━━━━━━━━━━━━━━━━[0m

[1;33mTesting:[0m CMD-01 - TOML Syntax Validation
[0;32m[PASS][0m CMD-01: All TOML files have valid syntax
